// Jest Snapshot v1, https://goo.gl/fbAQLP

exports[`<Main /> should render the heading 1`] = `
<main
  class="styles__Wrapper-sc-dzx1ao-0 kfZTJq"
>
  <img
    alt="Imagem de um átomo e React Avançado escrito ao lado"
    class="styles__Logo-sc-dzx1ao-1 ceslXl"
    src="/img/logo.svg"
  />
  <h1
    class="styles__Title-sc-dzx1ao-2 iNqpKH"
  >
    React Avançado
  </h1>
  <h2
    class="styles__Description-sc-dzx1ao-3 kprCTY"
  >
    TypeScript, ReactJS, Next.Js, Styled Components
  </h2>
  <img
    alt="Um desenvolvedor com telas ao lado"
    class="styles__Illustration-sc-dzx1ao-4 iiLMAF"
    src="/img/hero-illustration.svg"
  />
</main>
`;
